// Jest Snapshot v1, https://goo.gl/fbAQLP

exports[`GameControls should match the snapshot 1`] = `ReactWrapper {}`;
