// Jest Snapshot v1, https://goo.gl/fbAQLP

exports[`Dealer should match the snapshot 1`] = `ReactWrapper {}`;
